// Jest Snapshot v1, https://goo.gl/fbAQLP

exports[`test set profile states snapshot 1`] = `
<div
  className="SetProfile"
>
  <div
    className="MuiGrid-root MuiGrid-container"
  >
    <div
      className="MuiGrid-root MuiGrid-item"
    >
      <div>
        <form
          encType="multipart/form-data"
        >
          <div
            style={
              Object {
                "position": "relative",
              }
            }
          >
            <div
              className="MuiAvatar-root MuiAvatar-circle MuiAvatar-colorDefault"
              style={
                Object {
                  "height": "150px",
                  "width": "150px",
                }
              }
            >
              <svg
                aria-hidden={true}
                className="MuiSvgIcon-root MuiAvatar-fallback"
                focusable="false"
                viewBox="0 0 24 24"
              >
                <path
                  d="M12 12c2.21 0 4-1.79 4-4s-1.79-4-4-4-4 1.79-4 4 1.79 4 4 4zm0 2c-2.67 0-8 1.34-8 4v2h16v-2c0-2.66-5.33-4-8-4z"
                />
              </svg>
            </div>
            <div
              className="deleteButton"
              onClick={[Function]}
            >
              <div>
                <img
                  alt="avatar"
                  className="img"
                  onMouseEnter={[Function]}
                  onMouseLeave={[Function]}
                  src="delete-avatar.png"
                />
              </div>
            </div>
            <div
              className="uploadButton"
              onClick={[Function]}
            >
              <div>
                <img
                  alt="avatar"
                  className="img"
                  onMouseEnter={[Function]}
                  onMouseLeave={[Function]}
                  src="upload.svg"
                />
              </div>
            </div>
            <input
              accept="image/x-png,image/jpeg,image/jpg"
              className="fileUpload"
              name="newImage"
              onChange={[Function]}
              type="file"
            />
          </div>
        </form>
      </div>
    </div>
    <div
      className="MuiGrid-root header MuiGrid-container MuiGrid-item MuiGrid-grid-xs-12"
    >
      <div
        className="MuiGrid-root MuiGrid-item MuiGrid-grid-xs-12 MuiGrid-grid-sm-6"
      >
        <li
          className="MuiListItem-root MuiListItem-gutters"
          disabled={false}
          style={
            Object {
              "padding": "0",
            }
          }
        >
          <img
            alt=""
            src="customer.svg"
            style={
              Object {
                "width": "30px",
              }
            }
          />
           
          <p>
            اطلاعات شخصی
          </p>
        </li>
      </div>
      <div
        className="MuiGrid-root displayFlex MuiGrid-item MuiGrid-grid-xs-12 MuiGrid-grid-sm-6"
      >
        <div>
          <button
            className="MuiButtonBase-root MuiButton-root MuiButton-contained MuiButton-containedPrimary"
            disabled={false}
            id="infoEditButton"
            onBlur={[Function]}
            onClick={[Function]}
            onDragLeave={[Function]}
            onFocus={[Function]}
            onKeyDown={[Function]}
            onKeyUp={[Function]}
            onMouseDown={[Function]}
            onMouseEnter={[Function]}
            onMouseLeave={[Function]}
            onMouseUp={[Function]}
            onTouchEnd={[Function]}
            onTouchMove={[Function]}
            onTouchStart={[Function]}
            tabIndex={0}
            type="button"
          >
            <span
              className="MuiButton-label"
            >
              <span
                className="MuiButton-startIcon MuiButton-iconSizeMedium"
              >
                <span
                  aria-hidden={true}
                  className="material-icons MuiIcon-root"
                >
                  <img
                    alt=""
                    src="pencil_2.svg"
                    style={
                      Object {
                        "width": "20px",
                      }
                    }
                  />
                </span>
              </span>
              ویرایش
            </span>
          </button>
        </div>
      </div>
    </div>
    <div
      className="MuiGrid-root MuiGrid-item MuiGrid-grid-xs-12"
    >
      <div
        className="MuiGrid-root privateInfo animate__animated animate__fadeIn MuiGrid-container"
      >
        <div
          className="MuiGrid-root gridItems MuiGrid-item MuiGrid-grid-xs-12 MuiGrid-grid-sm-6"
          style={
            Object {
              "display": "flex",
            }
          }
        >
          <div>
            <li
              className="MuiListItem-root MuiListItem-gutters"
              disabled={false}
            >
              <p
                className="title"
              >
                نام
              </p>
            </li>
            <li
              className="MuiListItem-root MuiListItem-gutters"
              disabled={false}
            >
              <p
                className="description"
                data-testid="firstName"
              >
                آتنا
              </p>
            </li>
          </div>
          <div>
            <li
              className="MuiListItem-root MuiListItem-gutters"
              disabled={false}
            >
              <p
                className="title"
              >
                نام خانوادگی
              </p>
            </li>
            <li
              className="MuiListItem-root MuiListItem-gutters"
              disabled={false}
            >
              <p
                className="description"
                data-testid="lastName"
              >
                گنجی
              </p>
            </li>
          </div>
        </div>
        <div
          className="MuiGrid-root gridItems MuiGrid-item MuiGrid-grid-xs-12 MuiGrid-grid-sm-6"
          style={
            Object {
              "display": "flex",
            }
          }
        >
          <div>
            <li
              className="MuiListItem-root MuiListItem-gutters"
              disabled={false}
            >
              <p
                className="title"
              >
                جنسیت
              </p>
            </li>
            <li
              className="MuiListItem-root MuiListItem-gutters"
              disabled={false}
            >
              <p
                className="description"
                data-testid="genderDisplay"
              >
                زن
              </p>
            </li>
          </div>
        </div>
        <div
          className="MuiGrid-root gridItems MuiGrid-item MuiGrid-grid-xs-12 MuiGrid-grid-sm-6"
          style={
            Object {
              "display": "flex",
            }
          }
        >
          <div>
            <li
              className="MuiListItem-root MuiListItem-gutters"
              disabled={false}
            >
              <p
                className="title"
              >
                نام کاربری
              </p>
            </li>
            <li
              className="MuiListItem-root MuiListItem-gutters"
              disabled={false}
            >
              <p
                className="description"
                data-testid="username"
              >
                atena
              </p>
            </li>
          </div>
        </div>
        <div
          className="MuiGrid-root gridItems MuiGrid-item MuiGrid-grid-xs-12 MuiGrid-grid-sm-6"
          style={
            Object {
              "display": "flex",
            }
          }
        >
          <div>
            <li
              className="MuiListItem-root MuiListItem-gutters"
              disabled={false}
            >
              <p
                className="title"
              >
                ایمیل
              </p>
            </li>
            <li
              className="MuiListItem-root MuiListItem-gutters"
              disabled={false}
            >
              <p
                className="description"
                data-testid="email"
              >
                atena.ganji.ag@gmail.com
              </p>
            </li>
          </div>
        </div>
        <div
          className="MuiGrid-root gridItems MuiGrid-item MuiGrid-grid-xs-12 MuiGrid-grid-sm-6"
          style={
            Object {
              "display": "flex",
            }
          }
        >
          <div>
            <li
              className="MuiListItem-root MuiListItem-gutters"
              disabled={false}
            >
              <p
                className="title"
              >
                استان
              </p>
            </li>
            <li
              className="MuiListItem-root MuiListItem-gutters"
              disabled={false}
            >
              <p
                className="description"
                data-testid="province"
              >
                8
              </p>
            </li>
          </div>
          <div>
            <li
              className="MuiListItem-root MuiListItem-gutters"
              disabled={false}
            >
              <p
                className="title"
              >
                شهر
              </p>
            </li>
            <li
              className="MuiListItem-root MuiListItem-gutters"
              disabled={false}
            >
              <p
                className="description"
                data-testid="city"
              >
                تهران
              </p>
            </li>
          </div>
        </div>
        <div
          className="MuiGrid-root gridItems MuiGrid-item MuiGrid-grid-xs-12 MuiGrid-grid-sm-6"
          style={
            Object {
              "display": "flex",
            }
          }
        >
          <div>
            <li
              className="MuiListItem-root MuiListItem-gutters"
              disabled={false}
            >
              <p
                className="title"
              >
                دانشگاه
              </p>
            </li>
            <li
              className="MuiListItem-root MuiListItem-gutters"
              disabled={false}
            >
              <p
                className="description"
                data-testid="university"
              >
                خوارزمی
              </p>
            </li>
          </div>
        </div>
        <div
          className="MuiGrid-root gridItems MuiGrid-item MuiGrid-grid-xs-12 MuiGrid-grid-sm-6"
          style={
            Object {
              "display": "flex",
            }
          }
        >
          <div>
            <li
              className="MuiListItem-root MuiListItem-gutters"
              disabled={false}
            >
              <p
                className="title"
              >
                شماره تلفن
              </p>
            </li>
            <li
              className="MuiListItem-root MuiListItem-gutters"
              disabled={false}
            >
              <p
                className="description"
                data-testid="phoneNumber"
              >
                +989011625458
              </p>
            </li>
          </div>
        </div>
      </div>
    </div>
    <div
      className="MuiGrid-root header MuiGrid-container MuiGrid-item MuiGrid-grid-xs-12"
    >
      <div
        className="MuiGrid-root MuiGrid-item MuiGrid-grid-xs-12 MuiGrid-grid-sm-6"
      >
        <li
          className="MuiListItem-root MuiListItem-gutters"
          disabled={false}
          style={
            Object {
              "padding": "0",
            }
          }
        >
          <img
            alt=""
            src="new_topic.svg"
            style={
              Object {
                "width": "30px",
              }
            }
          />
            
          <p>
            درباره ی من
          </p>
        </li>
      </div>
      <div
        className="MuiGrid-root displayFlex MuiGrid-item MuiGrid-grid-xs-12 MuiGrid-grid-sm-6"
      >
        <div>
          <button
            className="MuiButtonBase-root MuiButton-root MuiButton-contained MuiButton-containedPrimary"
            disabled={false}
            id="aboutEditButton"
            onBlur={[Function]}
            onClick={[Function]}
            onDragLeave={[Function]}
            onFocus={[Function]}
            onKeyDown={[Function]}
            onKeyUp={[Function]}
            onMouseDown={[Function]}
            onMouseEnter={[Function]}
            onMouseLeave={[Function]}
            onMouseUp={[Function]}
            onTouchEnd={[Function]}
            onTouchMove={[Function]}
            onTouchStart={[Function]}
            tabIndex={0}
            type="button"
          >
            <span
              className="MuiButton-label"
            >
              <span
                className="MuiButton-startIcon MuiButton-iconSizeMedium"
              >
                <span
                  aria-hidden={true}
                  className="material-icons MuiIcon-root"
                >
                  <img
                    alt=""
                    src="pencil_2.svg"
                    style={
                      Object {
                        "width": "20px",
                      }
                    }
                  />
                </span>
              </span>
              ویرایش
            </span>
          </button>
        </div>
      </div>
    </div>
    <div
      className="MuiGrid-root MuiGrid-item MuiGrid-grid-xs-12"
    >
      <div
        className="MuiGrid-root animate__animated animate__fadeIn MuiGrid-container"
      >
        <div
          className="MuiGrid-root MuiGrid-item MuiGrid-grid-xs-12 MuiGrid-grid-sm-12"
        >
          <div
            className="MuiGrid-root gridItems MuiGrid-item MuiGrid-grid-xs-12 MuiGrid-grid-sm-12"
          >
            <li
              className="MuiListItem-root MuiListItem-gutters"
              disabled={false}
            >
              <p
                className="title"
                data-testid="desc"
              />
            </li>
          </div>
        </div>
      </div>
    </div>
  </div>
</div>
`;
